// Jest Snapshot v1, https://goo.gl/fbAQLP

exports[`<CandidacyYear /> renders without crashing 1`] = `
<dl
  className="dl-horizontal"
>
  <dt>
    2000
  </dt>
  <CandidacyList
    candidacies={
      Array [
        Object {
          "candidacy_status": Object {
            "id": 1,
            "name": "Deferido",
            "resource_uri": "/api/v0/candidacies-status/1/",
          },
          "city": Object {
            "id": 1978,
            "logo": null,
            "name": "Moju",
            "resource_uri": "/api/v0/cities/1978/",
            "state": "/api/v0/states/14/",
          },
          "elected": false,
          "election_round": Object {
            "date": "2000-10-01",
            "election": "/api/v0/elections/1/",
            "id": 1,
            "politician": null,
            "resource_uri": "/api/v0/election-rounds/1/",
            "round_number": "1",
          },
          "id": 1424288,
          "institution": Object {
            "id": 3939,
            "logo": null,
            "name": "Camara Municipal Moju",
            "political_offices": Array [
              Object {
                "description": "",
                "id": 10,
                "name": "Vereador",
                "resource_uri": "/api/v0/political-offices/10/",
                "slug": "vereador",
                "term": 4,
                "wikipedia": null,
              },
            ],
            "resource_uri": "/api/v0/institutions/3939/",
            "siglum": "CMM",
            "website": null,
            "wikipedia": null,
          },
          "political_office": Object {
            "description": "",
            "id": 10,
            "name": "Vereador",
            "resource_uri": "/api/v0/political-offices/10/",
            "slug": "vereador",
            "term": 4,
            "wikipedia": null,
          },
          "resource_uri": "/api/v0/candidacies/1424288/",
          "state": Object {
            "country": "/api/v0/countries/31/",
            "id": 14,
            "logo": null,
            "name": "ParÃ¡",
            "resource_uri": "/api/v0/states/14/",
            "siglum": "PA",
            "slug": "para",
            "wikipedia": null,
          },
        },
      ]
    }
  />
</dl>
`;
